// Jest Snapshot v1, https://goo.gl/fbAQLP

exports[`see if it renders 1`] = `
<DocumentFragment>
  <div
    class="AddItem"
  >
    <div
      class="MuiFormControl-root AddItem-form MuiFormControl-fullWidth"
    >
      <legend
        class="MuiFormLabel-root MuiFormLabel-root"
      >
        Snack or Drink
      </legend>
      <div
        aria-label="snackOrDrink"
        class="MuiFormGroup-root"
        role="radiogroup"
      >
        <label
          class="MuiFormControlLabel-root"
        >
          <span
            aria-disabled="false"
            class="MuiButtonBase-root MuiIconButton-root PrivateSwitchBase-root-8 MuiRadio-root"
          >
            <span
              class="MuiIconButton-label"
            >
              <input
                class="PrivateSwitchBase-input-11"
                name="snackOrDrink"
                type="radio"
                value="snack"
              />
              <div
                class="PrivateRadioButtonIcon-root-12"
              >
                <svg
                  aria-hidden="true"
                  class="MuiSvgIcon-root"
                  focusable="false"
                  viewBox="0 0 24 24"
                >
                  <path
                    d="M12 2C6.48 2 2 6.48 2 12s4.48 10 10 10 10-4.48 10-10S17.52 2 12 2zm0 18c-4.42 0-8-3.58-8-8s3.58-8 8-8 8 3.58 8 8-3.58 8-8 8z"
                  />
                </svg>
                <svg
                  aria-hidden="true"
                  class="MuiSvgIcon-root PrivateRadioButtonIcon-layer-13"
                  focusable="false"
                  viewBox="0 0 24 24"
                >
                  <path
                    d="M8.465 8.465C9.37 7.56 10.62 7 12 7C14.76 7 17 9.24 17 12C17 13.38 16.44 14.63 15.535 15.535C14.63 16.44 13.38 17 12 17C9.24 17 7 14.76 7 12C7 10.62 7.56 9.37 8.465 8.465Z"
                  />
                </svg>
              </div>
            </span>
            <span
              class="MuiTouchRipple-root"
            />
          </span>
          <span
            class="MuiTypography-root MuiFormControlLabel-label MuiTypography-body1"
          >
            Snack
          </span>
        </label>
        <label
          class="MuiFormControlLabel-root"
        >
          <span
            aria-disabled="false"
            class="MuiButtonBase-root MuiIconButton-root PrivateSwitchBase-root-8 MuiRadio-root"
          >
            <span
              class="MuiIconButton-label"
            >
              <input
                class="PrivateSwitchBase-input-11"
                name="snackOrDrink"
                type="radio"
                value="drink"
              />
              <div
                class="PrivateRadioButtonIcon-root-12"
              >
                <svg
                  aria-hidden="true"
                  class="MuiSvgIcon-root"
                  focusable="false"
                  viewBox="0 0 24 24"
                >
                  <path
                    d="M12 2C6.48 2 2 6.48 2 12s4.48 10 10 10 10-4.48 10-10S17.52 2 12 2zm0 18c-4.42 0-8-3.58-8-8s3.58-8 8-8 8 3.58 8 8-3.58 8-8 8z"
                  />
                </svg>
                <svg
                  aria-hidden="true"
                  class="MuiSvgIcon-root PrivateRadioButtonIcon-layer-13"
                  focusable="false"
                  viewBox="0 0 24 24"
                >
                  <path
                    d="M8.465 8.465C9.37 7.56 10.62 7 12 7C14.76 7 17 9.24 17 12C17 13.38 16.44 14.63 15.535 15.535C14.63 16.44 13.38 17 12 17C9.24 17 7 14.76 7 12C7 10.62 7.56 9.37 8.465 8.465Z"
                  />
                </svg>
              </div>
            </span>
            <span
              class="MuiTouchRipple-root"
            />
          </span>
          <span
            class="MuiTypography-root MuiFormControlLabel-label MuiTypography-body1"
          >
            Drink
          </span>
        </label>
      </div>
      <div
        class="MuiFormControl-root MuiTextField-root"
      >
        <label
          class="MuiFormLabel-root MuiInputLabel-root MuiInputLabel-formControl MuiInputLabel-animated"
          data-shrink="false"
          for="id"
          id="id-label"
        >
          Id
        </label>
        <div
          class="MuiInputBase-root MuiInput-root MuiInput-underline MuiInputBase-formControl MuiInput-formControl"
        >
          <input
            aria-invalid="false"
            class="MuiInputBase-input MuiInput-input"
            id="id"
            name="id"
            type="text"
            value=""
          />
        </div>
      </div>
       
      <br />
      <div
        class="MuiFormControl-root MuiTextField-root"
      >
        <label
          class="MuiFormLabel-root MuiInputLabel-root MuiInputLabel-formControl MuiInputLabel-animated"
          data-shrink="false"
          for="name"
          id="name-label"
        >
          Name
        </label>
        <div
          class="MuiInputBase-root MuiInput-root MuiInput-underline MuiInputBase-formControl MuiInput-formControl"
        >
          <input
            aria-invalid="false"
            class="MuiInputBase-input MuiInput-input"
            id="name"
            name="name"
            type="text"
            value=""
          />
        </div>
      </div>
       
      <br />
      <div
        class="MuiFormControl-root MuiTextField-root"
      >
        <label
          class="MuiFormLabel-root MuiInputLabel-root MuiInputLabel-formControl MuiInputLabel-animated"
          data-shrink="false"
          for="description"
          id="description-label"
        >
          Description
        </label>
        <div
          class="MuiInputBase-root MuiInput-root MuiInput-underline MuiInputBase-formControl MuiInput-formControl"
        >
          <input
            aria-invalid="false"
            class="MuiInputBase-input MuiInput-input"
            id="description"
            name="description"
            type="text"
            value=""
          />
        </div>
      </div>
       
      <br />
      <div
        class="MuiFormControl-root MuiTextField-root"
      >
        <label
          class="MuiFormLabel-root MuiInputLabel-root MuiInputLabel-formControl MuiInputLabel-animated"
          data-shrink="false"
          for="recipe"
          id="recipe-label"
        >
          Recipe
        </label>
        <div
          class="MuiInputBase-root MuiInput-root MuiInput-underline MuiInputBase-formControl MuiInput-formControl"
        >
          <input
            aria-invalid="false"
            class="MuiInputBase-input MuiInput-input"
            id="recipe"
            name="recipe"
            type="text"
            value=""
          />
        </div>
      </div>
       
      <br />
      <div
        class="MuiFormControl-root MuiTextField-root"
      >
        <label
          class="MuiFormLabel-root MuiInputLabel-root MuiInputLabel-formControl MuiInputLabel-animated"
          data-shrink="false"
          for="serve"
          id="serve-label"
        >
          How to serve
        </label>
        <div
          class="MuiInputBase-root MuiInput-root MuiInput-underline MuiInputBase-formControl MuiInput-formControl"
        >
          <input
            aria-invalid="false"
            class="MuiInputBase-input MuiInput-input"
            id="serve"
            name="serve"
            type="text"
            value=""
          />
        </div>
      </div>
       
      <br />
      <button
        class="MuiButtonBase-root MuiButton-root MuiButton-text"
        tabindex="0"
        type="submit"
      >
        <span
          class="MuiButton-label"
        >
          Add
        </span>
        <span
          class="MuiTouchRipple-root"
        />
      </button>
    </div>
  </div>
</DocumentFragment>
`;
