// Jest Snapshot v1, https://goo.gl/fbAQLP

exports[`see if it renders 1`] = `
<DocumentFragment>
  <p>
    Loading â€¦
  </p>
</DocumentFragment>
`;
