// Jest Snapshot v1, https://goo.gl/fbAQLP

exports[`see if it renders 1`] = `
<DocumentFragment>
  <section
    class="col-md-8"
  >
    <div
      class="card"
    >
      <div
        class="text-center card-body"
      >
        <h5
          class="card-title"
        />
        <h3
          class="font-weight-bold"
        >
          Welcome to Silicon Valley's premier dive cafe!
        </h3>
      </div>
    </div>
  </section>
</DocumentFragment>
`;
